]0;~/Documents/RStudio Projects/Curso-Data[?1034hBautistas-MacBook-Pro:Curso-Data bautistabaiocchi-lora$ git init
Initialized empty Git repository in /Users/bautistabaiocchi-lora/Documents/RStudio Projects/Curso-Data/.git/
]0;~/Documents/RStudio Projects/Curso-DataBautistas-MacBook-Pro:Curso-Data bautistabaiocchi-lora$ git status
On branch master

Initial commit

Untracked files:
  (use "git add <file>..." to include in what will be committed)

	[31m.Rproj.user/[m
	[31m.gitignore[m
	[31mCurso-Data.Rproj[m
	[31mMain.R[m
	[31mName.Generator.R[m

nothing added to commit but untracked files present (use "git add" to track)
]0;~/Documents/RStudio Projects/Curso-DataBautistas-MacBook-Pro:Curso-Data bautistabaiocchi-lora$ git remote add origin https://github.com/Ba utista-Baiocchi-lora/Student-Data-Anonymizer.git
]0;~/Documents/RStudio Projects/Curso-DataBautistas-MacBook-Pro:Curso-Data bautistabaiocchi-lora$ git push -u origin master
error: src refspec master does not match any.
error: failed to push some refs to 'https://github.com/Bautista-Baiocchi-lora/Student-Data-Anonymizer.git'
]0;~/Documents/RStudio Projects/Curso-DataBautistas-MacBook-Pro:Curso-Data bautistabaiocchi-lora$ git add README.md
fatal: pathspec 'README.md' did not match any files
]0;~/Documents/RStudio Projects/Curso-DataBautistas-MacBook-Pro:Curso-Data bautistabaiocchi-lora$ git commit -m "first commit"
On branch master

Initial commit

Untracked files:
	[31m.Rproj.user/[m
	[31m.gitignore[m
	[31mCurso-Data.Rproj[m
	[31mMain.R[m
	[31mName.Generator.R[m

nothing added to commit but untracked files present
]0;~/Documents/RStudio Projects/Curso-DataBautistas-MacBook-Pro:Curso-Data bautistabaiocchi-lora$ git remote add origin https://github.com/Ba utista-Baiocchi-lora/Student-Data-Anonymizer.git
fatal: remote origin already exists.
]0;~/Documents/RStudio Projects/Curso-DataBautistas-MacBook-Pro:Curso-Data bautistabaiocchi-lora$ git push -u origin master
error: src refspec master does not match any.
error: failed to push some refs to 'https://github.com/Bautista-Baiocchi-lora/Student-Data-Anonymizer.git'
]0;~/Documents/RStudio Projects/Curso-DataBautistas-MacBook-Pro:Curso-Data bautistabaiocchi-lora$ git status
On branch master

Initial commit

Untracked files:
  (use "git add <file>..." to include in what will be committed)

	[31m.Rproj.user/[m
	[31m.gitignore[m
	[31mCurso-Data.Rproj[m
	[31mMain.R[m
	[31mName.Generator.R[m

nothing added to commit but untracked files present (use "git add" to track)
]0;~/Documents/RStudio Projects/Curso-DataBautistas-MacBook-Pro:Curso-Data bautistabaiocchi-lora$ git add .
